<html>
<body>
<pre>
<h1>µVision Build Log</h1>
<h2>Project:</h2>
D:\sem_2\ppsw\current3\timer.uvproj
Project File Date:  05/07/2022

<h2>Output:</h2>
Build target 'Target 1'
compiling main.c...
timer.h(5): warning:  #1295-D: Deprecated declaration WaitOnTimer0Match0 - give arg types
main.c(14): warning:  #111-D: statement is unreachable
compiling timer.c...
timer.h(5): warning:  #1295-D: Deprecated declaration WaitOnTimer0Match0 - give arg types
timer.c(21): error:  #40: expected an identifier
timer.c(23): error: At end of source:  #65: expected a ";"
".\timer.axf" - 2 Errors, 3 Warning(s).
Target not created
Build target 'Target 1'
compiling main.c...
timer.h(5): warning:  #1295-D: Deprecated declaration WaitOnTimer0Match0 - give arg types
main.c(15): warning:  #111-D: statement is unreachable
compiling timer.c...
timer.h(5): warning:  #1295-D: Deprecated declaration WaitOnTimer0Match0 - give arg types
linking...
Program Size: Code=1296 RO-data=32 RW-data=4 ZI-data=1260  
FromELF: creating hex file...
".\timer.axf" - 0 Errors, 3 Warning(s).
Build target 'Target 1'
compiling timer.c...
timer.h(5): warning:  #1295-D: Deprecated declaration WaitOnTimer0Match0 - give arg types
linking...
Program Size: Code=1316 RO-data=32 RW-data=4 ZI-data=1260  
FromELF: creating hex file...
".\timer.axf" - 0 Errors, 1 Warning(s).
Build target 'Target 1'
compiling timer.c...
timer.h(5): warning:  #1295-D: Deprecated declaration WaitOnTimer0Match0 - give arg types
linking...
Program Size: Code=1316 RO-data=32 RW-data=4 ZI-data=1260  
FromELF: creating hex file...
".\timer.axf" - 0 Errors, 1 Warning(s).
Build target 'Target 1'
compiling timer.c...
timer.h(5): warning:  #1295-D: Deprecated declaration WaitOnTimer0Match0 - give arg types
timer.c(24): error:  #20: identifier "T0MCR0" is undefined
".\timer.axf" - 1 Errors, 1 Warning(s).
Target not created
Build target 'Target 1'
compiling timer.c...
timer.h(5): warning:  #1295-D: Deprecated declaration WaitOnTimer0Match0 - give arg types
linking...
Program Size: Code=1316 RO-data=32 RW-data=4 ZI-data=1260  
FromELF: creating hex file...
".\timer.axf" - 0 Errors, 1 Warning(s).
Build target 'Target 1'
compiling main.c...
main.c(15): warning:  #111-D: statement is unreachable
compiling timer.c...
linking...
Program Size: Code=1316 RO-data=32 RW-data=4 ZI-data=1260  
FromELF: creating hex file...
".\timer.axf" - 0 Errors, 1 Warning(s).
Build target 'Target 1'
compiling main.c...
linking...
Program Size: Code=1316 RO-data=32 RW-data=4 ZI-data=1260  
FromELF: creating hex file...
".\timer.axf" - 0 Errors, 0 Warning(s).
