<html>
<body>
<pre>
<h1>µVision Build Log</h1>
<h2>Project:</h2>
D:\sem_2\ppsw\current3\timer1\timer1.uvproj
Project File Date:  05/07/2022

<h2>Output:</h2>
Build target 'Target 1'
assembling Startup.s...
compiling led.c...
compiling main.c...
main.c(14): warning:  #111-D: statement is unreachable
compiling timer.c...
linking...
Program Size: Code=920 RO-data=32 RW-data=4 ZI-data=1260  
".\timer1.axf" - 0 Errors, 1 Warning(s).
Build target 'Target 1'
compiling led.c...
compiling main.c...
main.c(14): warning:  #111-D: statement is unreachable
compiling timer.c...
linking...
Program Size: Code=1192 RO-data=32 RW-data=4 ZI-data=1260  
FromELF: creating hex file...
".\timer1.axf" - 0 Errors, 1 Warning(s).
