<html>
<body>
<pre>
<h1>µVision Build Log</h1>
<h2>Project:</h2>
D:\sem_2\ppsw\current2\automaty6\automaty6.uvproj
Project File Date:  05/02/2022

<h2>Output:</h2>
Build target 'Target 1'
compiling main.c...
main.c(76): warning:  #111-D: statement is unreachable
linking...
Program Size: Code=1344 RO-data=32 RW-data=8 ZI-data=1256  
".\automaty6.axf" - 0 Errors, 1 Warning(s).
Build target 'Target 1'
linking...
Program Size: Code=1616 RO-data=32 RW-data=8 ZI-data=1256  
FromELF: creating hex file...
".\automaty6.axf" - 0 Errors, 0 Warning(s).
Build target 'Target 1'
linking...
Program Size: Code=1616 RO-data=32 RW-data=8 ZI-data=1256  
FromELF: creating hex file...
".\automaty6.axf" - 0 Errors, 0 Warning(s).
Build target 'Target 1'
compiling main.c...
main.c(76): warning:  #111-D: statement is unreachable
linking...
Program Size: Code=1616 RO-data=32 RW-data=8 ZI-data=1256  
FromELF: creating hex file...
".\automaty6.axf" - 0 Errors, 1 Warning(s).
Build target 'Target 1'
compiling main.c...
main.c(77): warning:  #111-D: statement is unreachable
linking...
Program Size: Code=1624 RO-data=32 RW-data=8 ZI-data=1256  
FromELF: creating hex file...
".\automaty6.axf" - 0 Errors, 1 Warning(s).
Build target 'Target 1'
compiling main.c...
main.c(79): warning:  #111-D: statement is unreachable
linking...
Program Size: Code=1624 RO-data=32 RW-data=8 ZI-data=1256  
FromELF: creating hex file...
".\automaty6.axf" - 0 Errors, 1 Warning(s).
