<html>
<body>
<pre>
<h1>µVision Build Log</h1>
<h2>Project:</h2>
D:\sem 2\ppsw\current\CICHON_MODULY\moduly.uvproj
Project File Date:  04/26/2022

<h2>Output:</h2>
Build target 'Target 1'
compiling keyboard.c...
compiling led.c...
compiling main.c...
linking...
.\moduly.axf: Error: L6200E: Symbol zmeinna multiply defined (by main.o and led.o).
".\moduly.axf" - 1 Errors, 0 Warning(s).
Target not created
Build target 'Target 1'
compiling led.c...
compiling main.c...
linking...
Program Size: Code=1316 RO-data=32 RW-data=4 ZI-data=1260  
FromELF: creating hex file...
".\moduly.axf" - 0 Errors, 0 Warning(s).
