<html>
<body>
<pre>
<h1>µVision Build Log</h1>
<h2>Project:</h2>
D:\sem 2\ppsw\current\CICHON_GPIO\1.uvproj
Project File Date:  03/23/2022

<h2>Output:</h2>
Build target 'Target 1'
assembling Startup.s...
compiling main.c...
linking...
Program Size: Code=1356 RO-data=32 RW-data=4 ZI-data=1260  
FromELF: creating hex file...
".\1.axf" - 0 Errors, 0 Warning(s).
Build target 'Target 1'
compiling main.c...
linking...
Program Size: Code=1340 RO-data=32 RW-data=4 ZI-data=1260  
FromELF: creating hex file...
".\1.axf" - 0 Errors, 0 Warning(s).
Build target 'Target 1'
compiling main.c...
linking...
Program Size: Code=1340 RO-data=32 RW-data=4 ZI-data=1260  
FromELF: creating hex file...
".\1.axf" - 0 Errors, 0 Warning(s).
Build target 'Target 1'
compiling main.c...
linking...
Program Size: Code=1340 RO-data=32 RW-data=4 ZI-data=1260  
FromELF: creating hex file...
".\1.axf" - 0 Errors, 0 Warning(s).
Build target 'Target 1'
compiling main.c...
linking...
Program Size: Code=1340 RO-data=32 RW-data=4 ZI-data=1260  
FromELF: creating hex file...
".\1.axf" - 0 Errors, 0 Warning(s).
Clean started: Project: '1'
   deleting intermediate output files for target 'Target 1'
Build target 'Target 1'
assembling Startup.s...
compiling main.c...
linking...
Program Size: Code=1340 RO-data=32 RW-data=4 ZI-data=1260  
FromELF: creating hex file...
".\1.axf" - 0 Errors, 0 Warning(s).
