<html>
<body>
<pre>
<h1>µVision Build Log</h1>
<h2>Project:</h2>
D:\sem 2\ppsw\current2\automaty.uvproj
Project File Date:  04/26/2022

<h2>Output:</h2>
Build target 'Target 1'
compiling main.c...
main.c(54): warning:  #111-D: statement is unreachable
linking...
Program Size: Code=1316 RO-data=32 RW-data=8 ZI-data=1256  
FromELF: creating hex file...
".\automaty.axf" - 0 Errors, 1 Warning(s).
Build target 'Target 1'
compiling main.c...
main.c(54): warning:  #111-D: statement is unreachable
linking...
Program Size: Code=1316 RO-data=32 RW-data=8 ZI-data=1256  
FromELF: creating hex file...
".\automaty.axf" - 0 Errors, 1 Warning(s).
