<html>
<body>
<pre>
<h1>µVision Build Log</h1>
<h2>Project:</h2>
D:\sem 2\ppsw\current2\automaty.uvproj
Project File Date:  04/26/2022

<h2>Output:</h2>
Build target 'Target 1'
compiling main.c...
main.c(54): warning:  #111-D: statement is unreachable
linking...
Program Size: Code=1316 RO-data=32 RW-data=8 ZI-data=1256  
FromELF: creating hex file...
".\automaty.axf" - 0 Errors, 1 Warning(s).
Build target 'Target 1'
compiling main.c...
main.c(54): warning:  #111-D: statement is unreachable
linking...
Program Size: Code=1316 RO-data=32 RW-data=8 ZI-data=1256  
FromELF: creating hex file...
".\automaty.axf" - 0 Errors, 1 Warning(s).
Build target 'Target 1'
compiling main.c...
main.c(40): warning:  #111-D: statement is unreachable
linking...
Program Size: Code=1640 RO-data=32 RW-data=8 ZI-data=1256  
FromELF: creating hex file...
".\automaty.axf" - 0 Errors, 1 Warning(s).
Build target 'Target 1'
compiling main.c...
main.c(56): warning:  #111-D: statement is unreachable
linking...
Program Size: Code=1316 RO-data=32 RW-data=8 ZI-data=1256  
FromELF: creating hex file...
".\automaty.axf" - 0 Errors, 1 Warning(s).
Build target 'Target 1'
compiling main.c...
main.c(41): warning:  #111-D: statement is unreachable
linking...
Program Size: Code=1656 RO-data=32 RW-data=8 ZI-data=1256  
FromELF: creating hex file...
".\automaty.axf" - 0 Errors, 1 Warning(s).
Build target 'Target 1'
compiling main.c...
main.c(41): warning:  #111-D: statement is unreachable
linking...
Program Size: Code=1656 RO-data=32 RW-data=8 ZI-data=1256  
FromELF: creating hex file...
".\automaty.axf" - 0 Errors, 1 Warning(s).
Build target 'Target 1'
compiling main.c...
main.c(41): warning:  #111-D: statement is unreachable
linking...
Program Size: Code=1276 RO-data=32 RW-data=8 ZI-data=1256  
FromELF: creating hex file...
".\automaty.axf" - 0 Errors, 1 Warning(s).
Build target 'Target 1'
compiling main.c...
main.c(43): warning:  #111-D: statement is unreachable
linking...
Program Size: Code=1680 RO-data=32 RW-data=8 ZI-data=1256  
FromELF: creating hex file...
".\automaty.axf" - 0 Errors, 1 Warning(s).
Build target 'Target 1'
compiling main.c...
main.c(44): warning:  #111-D: statement is unreachable
linking...
Program Size: Code=1300 RO-data=32 RW-data=8 ZI-data=1256  
FromELF: creating hex file...
".\automaty.axf" - 0 Errors, 1 Warning(s).
Build target 'Target 1'
compiling main.c...
main.c(48): warning:  #111-D: statement is unreachable
linking...
Program Size: Code=1308 RO-data=32 RW-data=8 ZI-data=1256  
FromELF: creating hex file...
".\automaty.axf" - 0 Errors, 1 Warning(s).
Build target 'Target 1'
compiling main.c...
main.c(48): warning:  #111-D: statement is unreachable
linking...
Program Size: Code=1308 RO-data=32 RW-data=8 ZI-data=1256  
FromELF: creating hex file...
".\automaty.axf" - 0 Errors, 1 Warning(s).
Build target 'Target 1'
linking...
Program Size: Code=1308 RO-data=32 RW-data=8 ZI-data=1256  
FromELF: creating hex file...
".\automaty.axf" - 0 Errors, 0 Warning(s).
Build target 'Target 1'
linking...
Program Size: Code=1308 RO-data=32 RW-data=8 ZI-data=1256  
FromELF: creating hex file...
".\automaty.axf" - 0 Errors, 0 Warning(s).
Rebuild target 'Target 1'
assembling Startup.s...
compiling main.c...
main.c(48): warning:  #111-D: statement is unreachable
compiling keyboard.c...
compiling led.c...
linking...
Program Size: Code=1308 RO-data=32 RW-data=8 ZI-data=1256  
FromELF: creating hex file...
".\automaty.axf" - 0 Errors, 1 Warning(s).
Build target 'Target 1'
compiling main.c...
main.c(50): warning:  #111-D: statement is unreachable
linking...
Program Size: Code=1332 RO-data=32 RW-data=8 ZI-data=1256  
FromELF: creating hex file...
".\automaty.axf" - 0 Errors, 1 Warning(s).
